--------------------------------------------------------------------------------------
Timing Analyzer Summary
--------------------------------------------------------------------------------------

Type           : Worst-case tsu
Slack          : N/A
Required Time  : None
Actual Time    : 2.779 ns
From           : SW[0]
To             : signalinput:u0|state[13]
From Clock     : --
To Clock       : sysclk
Failed Paths   : 0

Type           : Worst-case tco
Slack          : N/A
Required Time  : None
Actual Time    : 14.169 ns
From           : frequency:u1|R[1]
To             : H0[2]
From Clock     : sysclk
To Clock       : --
Failed Paths   : 0

Type           : Worst-case tpd
Slack          : N/A
Required Time  : None
Actual Time    : 6.726 ns
From           : SW[7]
To             : LED[7]
From Clock     : --
To Clock       : --
Failed Paths   : 0

Type           : Worst-case th
Slack          : N/A
Required Time  : None
Actual Time    : 3.422 ns
From           : SW[7]
To             : frequency:u1|DecimalCounter:comb_4|r[2]
From Clock     : --
To Clock       : sysclk
Failed Paths   : 0

Type           : Clock Setup: 'sysclk'
Slack          : N/A
Required Time  : None
Actual Time    : 149.59 MHz ( period = 6.685 ns )
From           : frequency:u1|DecimalCounter:comb_4|D[3]
To             : frequency:u1|DecimalCounter:comb_4|D[17]
From Clock     : sysclk
To Clock       : sysclk
Failed Paths   : 0

Type           : Total number of failed paths
Slack          : 
Required Time  : 
Actual Time    : 
From           : 
To             : 
From Clock     : 
To Clock       : 
Failed Paths   : 0

--------------------------------------------------------------------------------------

